// Jest Snapshot v1, https://goo.gl/fbAQLP

exports[`Timeline component renders correctly 1`] = `
<DocumentFragment>
  <div
    class="timeline"
  >
    <div>
      timelineItem
    </div>
    <div>
      timelineItem
    </div>
    <div>
      timelineItem
    </div>
  </div>
</DocumentFragment>
`;
