// Jest Snapshot v1, https://goo.gl/fbAQLP

exports[`GamingText component renders correctly 1`] = `
<DocumentFragment>
  <p>
    Competition, puzzles, and the ability to transport yourself to an entirely new world and/or place in time. What's not to love about a little escape from reality, it's even better when you're with a few friends, and maybe even a drink or two.
  </p>
  <p>
    Currently we are playing through 
    <a
      href="https://borderlands.com/"
    >
      Borderlands 3
    </a>
    , god bless that little 
    <a
      href="https://en.wikipedia.org/wiki/Claptrap"
    >
      Claptrap
    </a>
    .
  </p>
</DocumentFragment>
`;
