// Jest Snapshot v1, https://goo.gl/fbAQLP

exports[`Hobby component renders correctly 1`] = `
<DocumentFragment>
  <div
    class="hobby"
  >
    <h2
      class="hobby__title"
    >
      Climbing
    </h2>
    <div
      class="hobby__image"
    >
      <img
        alt="illustration of someone Climbing"
        src="/images/hobbies/climbing.png"
      />
    </div>
    <div
      class="hobby__content"
    >
      <p>
        some text about climbing
      </p>
    </div>
  </div>
</DocumentFragment>
`;
