// Jest Snapshot v1, https://goo.gl/fbAQLP

exports[`TimelineItem component renders correctly 1`] = `
<DocumentFragment>
  <div
    class="timelineItem"
  >
    <div
      class="timelineItem__line"
    />
    <div
      class="timelineItem__icon"
    />
    <div
      class="timelineItem__content"
    >
      <h2
        class="timelineItem__title"
      >
        some title
      </h2>
      <div>
        date component
      </div>
      <p
        class="timelineItem__text"
      >
        some text
      </p>
    </div>
  </div>
</DocumentFragment>
`;
