// Jest Snapshot v1, https://goo.gl/fbAQLP

exports[`Header component renders correctly 1`] = `
<DocumentFragment>
  <header
    class="header"
    style="background-image: url(/images/background.jpg);"
  >
    <img
      alt="profile"
      src="/images/profile.jpg"
    />
    <div
      class="header__intro"
    >
      // Hello world
    </div>
    <h1
      class="header__name"
    >
      I'm Martin Blackburn
    </h1>
    <div>
      typewriter
    </div>
  </header>
</DocumentFragment>
`;
