// Jest Snapshot v1, https://goo.gl/fbAQLP

exports[`Hobbies component renders correctly 1`] = `
<DocumentFragment>
  <section
    class="hobbies"
  >
    <h1>
      Things I do for fun:
    </h1>
    <div
      class="hobbies__list"
    >
      <div>
        hobby
      </div>
      <div>
        hobby
      </div>
      <div>
        hobby
      </div>
      <div>
        hobby
      </div>
    </div>
  </section>
</DocumentFragment>
`;
