// Jest Snapshot v1, https://goo.gl/fbAQLP

exports[`Nav component renders correctly 1`] = `
<DocumentFragment>
  <div
    class="nav"
  >
    <ul>
      <li>
        <a
          href="/"
        >
          Home
        </a>
      </li>
      <li>
        <a
          href="/"
        >
          About
        </a>
      </li>
      <li>
        <a
          href="/"
        >
          My journey
        </a>
      </li>
      <li>
        <a
          href="/"
        >
          Contact
        </a>
      </li>
    </ul>
  </div>
</DocumentFragment>
`;
