// Jest Snapshot v1, https://goo.gl/fbAQLP

exports[`Typewriter component renders correctly 1`] = `
<DocumentFragment>
  <div
    class="typewriter"
  />
</DocumentFragment>
`;

exports[`Typewriter component renders correctly after 1.4 seconds 1`] = `
<DocumentFragment>
  <div
    class="typewriter"
  />
</DocumentFragment>
`;

exports[`Typewriter component renders correctly after 5 seconds 1`] = `
<DocumentFragment>
  <div
    class="typewriter"
  />
</DocumentFragment>
`;
